// Jest Snapshot v1, https://goo.gl/fbAQLP

exports[`renders an event completely 1`] = `
<div
  className="sc-bdVaJa bpgUVM"
>
  <div
    className="sc-EHOje fhjhFC"
  >
    <h1
      className="sc-bZQynM jImrnc"
    >
      MyVenue
    </h1>
    <div
      className="sc-gzVnrw lmcKFS"
    >
      undefined, undefined
    </div>
    <div
      className="sc-htoDjs hOAssE"
    >
      Date: 
      Invalid Date
    </div>
    <div
      className="sc-dnqmqq dAKBrH"
    >
      Tickets available:
       TBA
    </div>
  </div>
  <div
    className="sc-bwzfXH gFyRrX"
  />
</div>
`;
